Loaded 10000 sequences (0 rejected) from /home/kun/dyserve/dag-predict/data/openhands_minimax_10k.jsonl
{
  "config": {
    "trace_path": "/home/kun/dyserve/dag-predict/data/openhands_minimax_10k.jsonl",
    "window": 3,
    "horizon": 1,
    "top_k": 4,
    "test_ratio": 0.2,
    "confidence": 0.6,
    "alpha": 0.25,
    "seed": 42,
    "taxonomy": "semantic",
    "converted_out": null,
    "report_out": "/home/kun/dyserve/dag-predict/reports/openhands_minimax_10k_ngrams/h1_w3.json"
  },
  "all_data": {
    "runs": 10000,
    "instances": 10000,
    "node_counts": {
      "inspect": 318352,
      "shell": 113675,
      "edit": 79346,
      "test": 70693,
      "STOP": 10000,
      "reason": 4678,
      "fetch": 1
    },
    "mean_actions_per_run": 58.6745,
    "median_actions_per_run": 54
  },
  "train": {
    "runs": 8000,
    "instances": 8000,
    "node_counts": {
      "inspect": 255520,
      "shell": 90528,
      "edit": 63655,
      "test": 56660,
      "STOP": 8000,
      "reason": 3704,
      "fetch": 1
    },
    "mean_actions_per_run": 58.7585,
    "median_actions_per_run": 55
  },
  "test": {
    "runs": 2000,
    "instances": 2000,
    "node_counts": {
      "inspect": 62832,
      "shell": 23147,
      "edit": 15691,
      "test": 14033,
      "STOP": 2000,
      "reason": 974
    },
    "mean_actions_per_run": 58.3385,
    "median_actions_per_run": 54
  },
  "model": {
    "samples": 116677,
    "exact_sequence_at_1": 0.5784001988395313,
    "sequence_coverage_at_4": 0.976782056446429,
    "mean_correct_prefix_nodes": 0.5784001988395313,
    "next_node_transition_accuracy": 0.3591084633635246,
    "transition_samples": 57743,
    "depth_metrics": [
      {
        "depth": 1,
        "accuracy": 0.5784001988395313,
        "macro_f1": 0.29201975668294994,
        "prefix_accuracy": 0.5784001988395313
      }
    ],
    "compile_gate": {
      "confidence_threshold": 0.6,
      "trigger_rate": 0.3658904497030263,
      "exact_precision_when_triggered": 0.8149258625939894,
      "mean_safe_prefix_when_triggered": 0.8149258625939894
    }
  },
  "context_free_baseline": {
    "samples": 116677,
    "exact_sequence_at_1": 0.5213709642860204,
    "sequence_coverage_at_4": 0.9745108290408564,
    "mean_correct_prefix_nodes": 0.5213709642860204,
    "next_node_transition_accuracy": 0.29222589751138667,
    "transition_samples": 57743,
    "depth_metrics": [
      {
        "depth": 1,
        "accuracy": 0.5213709642860204,
        "macro_f1": 0.11423270557173627,
        "prefix_accuracy": 0.5213709642860204
      }
    ],
    "compile_gate": {
      "confidence_threshold": 0.6,
      "trigger_rate": 0.0,
      "exact_precision_when_triggered": 0.0,
      "mean_safe_prefix_when_triggered": 0.0
    }
  },
  "examples": [
    {
      "instance_id": "labstack__echo-1501",
      "history": [
        "inspect",
        "inspect",
        "inspect",
        "inspect",
        "inspect",
        "inspect",
        "edit",
        "shell",
        "shell",
        "shell",
        "inspect",
        "edit",
        "shell",
        "shell",
        "inspect",
        "edit",
        "shell",
        "inspect",
        "test",
        "inspect",
        "inspect",
        "inspect",
        "inspect",
        "test",
        "edit",
        "edit",
        "shell",
        "shell",
        "reason",
        "inspect",
        "reason"
      ],
      "truth": [
        "edit"
      ],
      "predicted": [
        "edit"
      ],
      "top_k": [
        [
          "edit"
        ]
      ],
      "confidence": 1.0,
      "prefix_len": 1,
      "context": [
        "reason",
        "inspect",
        "reason"
      ]
    },
    {
      "instance_id": "platers__obsidian-linter-717",
      "history": [
        "inspect",
        "inspect",
        "inspect",
        "inspect",
        "inspect",
        "inspect",
        "inspect",
        "inspect",
        "inspect",
        "inspect",
        "inspect",
        "inspect",
        "inspect",
        "inspect",
        "inspect",
        "inspect",
        "inspect",
        "inspect",
        "inspect",
        "inspect",
        "test",
        "inspect",
        "inspect",
        "inspect",
        "inspect",
        "inspect",
        "inspect",
        "inspect",
        "inspect",
        "test",
        "inspect",
        "inspect",
        "inspect",
        "reason",
        "inspect",
        "test",
        "edit",
        "shell",
        "inspect",
        "shell",
        "inspect",
        "reason",
        "inspect",
        "reason"
      ],
      "truth": [
        "inspect"
      ],
      "predicted": [
        "edit"
      ],
      "top_k": [
        [
          "edit"
        ]
      ],
      "confidence": 1.0,
      "prefix_len": 0,
      "context": [
        "reason",
        "inspect",
        "reason"
      ]
    },
    {
      "instance_id": "srvaroa__labeler-60",
      "history": [
        "inspect",
        "inspect",
        "inspect",
        "test",
        "inspect",
        "inspect",
        "inspect",
        "inspect",
        "inspect",
        "inspect",
        "shell",
        "inspect",
        "inspect",
        "reason",
        "inspect",
        "inspect",
        "test",
        "inspect",
        "inspect",
        "shell",
        "inspect",
        "inspect",
        "inspect",
        "inspect",
        "edit",
        "inspect",
        "test",
        "reason",
        "shell",
        "inspect",
        "inspect",
        "reason",
        "shell",
        "reason"
      ],
      "truth": [
        "inspect"
      ],
      "predicted": [
        "test"
      ],
      "top_k": [
        [
          "test"
        ]
      ],
      "confidence": 1.0,
      "prefix_len": 0,
      "context": [
        "reason",
        "shell",
        "reason"
      ]
    },
    {
      "instance_id": "11ty__eleventy-1749",
      "history": [
        "inspect",
        "inspect",
        "inspect"
      ],
      "truth": [
        "inspect"
      ],
      "predicted": [
        "inspect"
      ],
      "top_k": [
        [
          "inspect"
        ],
        [
          "edit"
        ],
        [
          "shell"
        ],
        [
          "test"
        ]
      ],
      "confidence": 0.811193367538617,
      "prefix_len": 1,
      "context": [
        "inspect",
        "inspect",
        "inspect"
      ]
    },
    {
      "instance_id": "11ty__eleventy-1749",
      "history": [
        "inspect",
        "inspect",
        "inspect",
        "inspect"
      ],
      "truth": [
        "inspect"
      ],
      "predicted": [
        "inspect"
      ],
      "top_k": [
        [
          "inspect"
        ],
        [
          "edit"
        ],
        [
          "shell"
        ],
        [
          "test"
        ]
      ],
      "confidence": 0.811193367538617,
      "prefix_len": 1,
      "context": [
        "inspect",
        "inspect",
        "inspect"
      ]
    },
    {
      "instance_id": "11ty__eleventy-1749",
      "history": [
        "inspect",
        "inspect",
        "inspect",
        "inspect",
        "inspect"
      ],
      "truth": [
        "inspect"
      ],
      "predicted": [
        "inspect"
      ],
      "top_k": [
        [
          "inspect"
        ],
        [
          "edit"
        ],
        [
          "shell"
        ],
        [
          "test"
        ]
      ],
      "confidence": 0.811193367538617,
      "prefix_len": 1,
      "context": [
        "inspect",
        "inspect",
        "inspect"
      ]
    },
    {
      "instance_id": "11ty__eleventy-1749",
      "history": [
        "inspect",
        "inspect",
        "inspect",
        "inspect",
        "inspect",
        "inspect"
      ],
      "truth": [
        "inspect"
      ],
      "predicted": [
        "inspect"
      ],
      "top_k": [
        [
          "inspect"
        ],
        [
          "edit"
        ],
        [
          "shell"
        ],
        [
          "test"
        ]
      ],
      "confidence": 0.811193367538617,
      "prefix_len": 1,
      "context": [
        "inspect",
        "inspect",
        "inspect"
      ]
    },
    {
      "instance_id": "11ty__eleventy-1749",
      "history": [
        "inspect",
        "inspect",
        "inspect",
        "inspect",
        "inspect",
        "inspect",
        "inspect"
      ],
      "truth": [
        "inspect"
      ],
      "predicted": [
        "inspect"
      ],
      "top_k": [
        [
          "inspect"
        ],
        [
          "edit"
        ],
        [
          "shell"
        ],
        [
          "test"
        ]
      ],
      "confidence": 0.811193367538617,
      "prefix_len": 1,
      "context": [
        "inspect",
        "inspect",
        "inspect"
      ]
    },
    {
      "instance_id": "11ty__eleventy-1749",
      "history": [
        "inspect",
        "inspect",
        "inspect",
        "inspect",
        "inspect",
        "inspect",
        "inspect",
        "inspect"
      ],
      "truth": [
        "inspect"
      ],
      "predicted": [
        "inspect"
      ],
      "top_k": [
        [
          "inspect"
        ],
        [
          "edit"
        ],
        [
          "shell"
        ],
        [
          "test"
        ]
      ],
      "confidence": 0.811193367538617,
      "prefix_len": 1,
      "context": [
        "inspect",
        "inspect",
        "inspect"
      ]
    },
    {
      "instance_id": "11ty__eleventy-1749",
      "history": [
        "inspect",
        "inspect",
        "inspect",
        "inspect",
        "inspect",
        "inspect",
        "inspect",
        "inspect",
        "inspect"
      ],
      "truth": [
        "inspect"
      ],
      "predicted": [
        "inspect"
      ],
      "top_k": [
        [
          "inspect"
        ],
        [
          "edit"
        ],
        [
          "shell"
        ],
        [
          "test"
        ]
      ],
      "confidence": 0.811193367538617,
      "prefix_len": 1,
      "context": [
        "inspect",
        "inspect",
        "inspect"
      ]
    }
  ]
}
