Loaded 10000 sequences (0 rejected) from /home/kun/dyserve/dag-predict/data/openhands_minimax_10k.jsonl
{
  "config": {
    "trace_path": "/home/kun/dyserve/dag-predict/data/openhands_minimax_10k.jsonl",
    "window": 2,
    "horizon": 2,
    "top_k": 4,
    "test_ratio": 0.2,
    "confidence": 0.6,
    "alpha": 0.25,
    "seed": 42,
    "taxonomy": "semantic",
    "converted_out": null,
    "report_out": "/home/kun/dyserve/dag-predict/reports/openhands_minimax_10k_ngrams/h2_w2.json"
  },
  "all_data": {
    "runs": 10000,
    "instances": 10000,
    "node_counts": {
      "inspect": 318352,
      "shell": 113675,
      "edit": 79346,
      "test": 70693,
      "STOP": 10000,
      "reason": 4678,
      "fetch": 1
    },
    "mean_actions_per_run": 58.6745,
    "median_actions_per_run": 54
  },
  "train": {
    "runs": 8000,
    "instances": 8000,
    "node_counts": {
      "inspect": 255520,
      "shell": 90528,
      "edit": 63655,
      "test": 56660,
      "STOP": 8000,
      "reason": 3704,
      "fetch": 1
    },
    "mean_actions_per_run": 58.7585,
    "median_actions_per_run": 55
  },
  "test": {
    "runs": 2000,
    "instances": 2000,
    "node_counts": {
      "inspect": 62832,
      "shell": 23147,
      "edit": 15691,
      "test": 14033,
      "STOP": 2000,
      "reason": 974
    },
    "mean_actions_per_run": 58.3385,
    "median_actions_per_run": 54
  },
  "model": {
    "samples": 116677,
    "exact_sequence_at_1": 0.387419971373964,
    "sequence_coverage_at_4": 0.6369035885393008,
    "mean_correct_prefix_nodes": 0.9479846070776589,
    "next_node_transition_accuracy": 0.34310652373447864,
    "transition_samples": 57743,
    "depth_metrics": [
      {
        "depth": 1,
        "accuracy": 0.5605646357036949,
        "macro_f1": 0.23369063238877083,
        "prefix_accuracy": 0.5605646357036949
      },
      {
        "depth": 2,
        "accuracy": 0.5237450397250529,
        "macro_f1": 0.2266075727304954,
        "prefix_accuracy": 0.387419971373964
      }
    ],
    "compile_gate": {
      "confidence_threshold": 0.6,
      "trigger_rate": 0.37674948790250007,
      "exact_precision_when_triggered": 0.6231630192456435,
      "mean_safe_prefix_when_triggered": 1.3931935028891214
    }
  },
  "context_free_baseline": {
    "samples": 116677,
    "exact_sequence_at_1": 0.3596081489925178,
    "sequence_coverage_at_4": 0.5479057569186729,
    "mean_correct_prefix_nodes": 0.8809791132785382,
    "next_node_transition_accuracy": 0.29222589751138667,
    "transition_samples": 57743,
    "depth_metrics": [
      {
        "depth": 1,
        "accuracy": 0.5213709642860204,
        "macro_f1": 0.11423270557173627,
        "prefix_accuracy": 0.5213709642860204
      },
      {
        "depth": 2,
        "accuracy": 0.5042296253760381,
        "macro_f1": 0.11173596035910789,
        "prefix_accuracy": 0.3596081489925178
      }
    ],
    "compile_gate": {
      "confidence_threshold": 0.6,
      "trigger_rate": 0.0,
      "exact_precision_when_triggered": 0.0,
      "mean_safe_prefix_when_triggered": 0.0
    }
  },
  "examples": [
    {
      "instance_id": "11ty__eleventy-1749",
      "history": [
        "inspect",
        "inspect"
      ],
      "truth": [
        "inspect",
        "inspect"
      ],
      "predicted": [
        "inspect",
        "inspect"
      ],
      "top_k": [
        [
          "inspect",
          "inspect"
        ],
        [
          "inspect",
          "edit"
        ],
        [
          "inspect",
          "shell"
        ],
        [
          "inspect",
          "test"
        ]
      ],
      "confidence": 0.625272096471839,
      "prefix_len": 2,
      "context": [
        "inspect",
        "inspect"
      ]
    },
    {
      "instance_id": "11ty__eleventy-1749",
      "history": [
        "inspect",
        "inspect",
        "inspect"
      ],
      "truth": [
        "inspect",
        "inspect"
      ],
      "predicted": [
        "inspect",
        "inspect"
      ],
      "top_k": [
        [
          "inspect",
          "inspect"
        ],
        [
          "inspect",
          "edit"
        ],
        [
          "inspect",
          "shell"
        ],
        [
          "inspect",
          "test"
        ]
      ],
      "confidence": 0.625272096471839,
      "prefix_len": 2,
      "context": [
        "inspect",
        "inspect"
      ]
    },
    {
      "instance_id": "11ty__eleventy-1749",
      "history": [
        "inspect",
        "inspect",
        "inspect",
        "inspect"
      ],
      "truth": [
        "inspect",
        "inspect"
      ],
      "predicted": [
        "inspect",
        "inspect"
      ],
      "top_k": [
        [
          "inspect",
          "inspect"
        ],
        [
          "inspect",
          "edit"
        ],
        [
          "inspect",
          "shell"
        ],
        [
          "inspect",
          "test"
        ]
      ],
      "confidence": 0.625272096471839,
      "prefix_len": 2,
      "context": [
        "inspect",
        "inspect"
      ]
    },
    {
      "instance_id": "11ty__eleventy-1749",
      "history": [
        "inspect",
        "inspect",
        "inspect",
        "inspect",
        "inspect"
      ],
      "truth": [
        "inspect",
        "inspect"
      ],
      "predicted": [
        "inspect",
        "inspect"
      ],
      "top_k": [
        [
          "inspect",
          "inspect"
        ],
        [
          "inspect",
          "edit"
        ],
        [
          "inspect",
          "shell"
        ],
        [
          "inspect",
          "test"
        ]
      ],
      "confidence": 0.625272096471839,
      "prefix_len": 2,
      "context": [
        "inspect",
        "inspect"
      ]
    },
    {
      "instance_id": "11ty__eleventy-1749",
      "history": [
        "inspect",
        "inspect",
        "inspect",
        "inspect",
        "inspect",
        "inspect"
      ],
      "truth": [
        "inspect",
        "inspect"
      ],
      "predicted": [
        "inspect",
        "inspect"
      ],
      "top_k": [
        [
          "inspect",
          "inspect"
        ],
        [
          "inspect",
          "edit"
        ],
        [
          "inspect",
          "shell"
        ],
        [
          "inspect",
          "test"
        ]
      ],
      "confidence": 0.625272096471839,
      "prefix_len": 2,
      "context": [
        "inspect",
        "inspect"
      ]
    },
    {
      "instance_id": "11ty__eleventy-1749",
      "history": [
        "inspect",
        "inspect",
        "inspect",
        "inspect",
        "inspect",
        "inspect",
        "inspect"
      ],
      "truth": [
        "inspect",
        "inspect"
      ],
      "predicted": [
        "inspect",
        "inspect"
      ],
      "top_k": [
        [
          "inspect",
          "inspect"
        ],
        [
          "inspect",
          "edit"
        ],
        [
          "inspect",
          "shell"
        ],
        [
          "inspect",
          "test"
        ]
      ],
      "confidence": 0.625272096471839,
      "prefix_len": 2,
      "context": [
        "inspect",
        "inspect"
      ]
    },
    {
      "instance_id": "11ty__eleventy-1749",
      "history": [
        "inspect",
        "inspect",
        "inspect",
        "inspect",
        "inspect",
        "inspect",
        "inspect",
        "inspect"
      ],
      "truth": [
        "inspect",
        "inspect"
      ],
      "predicted": [
        "inspect",
        "inspect"
      ],
      "top_k": [
        [
          "inspect",
          "inspect"
        ],
        [
          "inspect",
          "edit"
        ],
        [
          "inspect",
          "shell"
        ],
        [
          "inspect",
          "test"
        ]
      ],
      "confidence": 0.625272096471839,
      "prefix_len": 2,
      "context": [
        "inspect",
        "inspect"
      ]
    },
    {
      "instance_id": "11ty__eleventy-1749",
      "history": [
        "inspect",
        "inspect",
        "inspect",
        "inspect",
        "inspect",
        "inspect",
        "inspect",
        "inspect",
        "inspect"
      ],
      "truth": [
        "inspect",
        "inspect"
      ],
      "predicted": [
        "inspect",
        "inspect"
      ],
      "top_k": [
        [
          "inspect",
          "inspect"
        ],
        [
          "inspect",
          "edit"
        ],
        [
          "inspect",
          "shell"
        ],
        [
          "inspect",
          "test"
        ]
      ],
      "confidence": 0.625272096471839,
      "prefix_len": 2,
      "context": [
        "inspect",
        "inspect"
      ]
    },
    {
      "instance_id": "11ty__eleventy-1749",
      "history": [
        "inspect",
        "inspect",
        "inspect",
        "inspect",
        "inspect",
        "inspect",
        "inspect",
        "inspect",
        "inspect",
        "inspect"
      ],
      "truth": [
        "inspect",
        "inspect"
      ],
      "predicted": [
        "inspect",
        "inspect"
      ],
      "top_k": [
        [
          "inspect",
          "inspect"
        ],
        [
          "inspect",
          "edit"
        ],
        [
          "inspect",
          "shell"
        ],
        [
          "inspect",
          "test"
        ]
      ],
      "confidence": 0.625272096471839,
      "prefix_len": 2,
      "context": [
        "inspect",
        "inspect"
      ]
    },
    {
      "instance_id": "11ty__eleventy-1749",
      "history": [
        "inspect",
        "inspect",
        "inspect",
        "inspect",
        "inspect",
        "inspect",
        "inspect",
        "inspect",
        "inspect",
        "inspect",
        "inspect"
      ],
      "truth": [
        "inspect",
        "inspect"
      ],
      "predicted": [
        "inspect",
        "inspect"
      ],
      "top_k": [
        [
          "inspect",
          "inspect"
        ],
        [
          "inspect",
          "edit"
        ],
        [
          "inspect",
          "shell"
        ],
        [
          "inspect",
          "test"
        ]
      ],
      "confidence": 0.625272096471839,
      "prefix_len": 2,
      "context": [
        "inspect",
        "inspect"
      ]
    }
  ]
}
