Loaded 10000 sequences (0 rejected) from /home/kun/dyserve/dag-predict/data/openhands_minimax_10k.jsonl
{
  "config": {
    "trace_path": "/home/kun/dyserve/dag-predict/data/openhands_minimax_10k.jsonl",
    "window": 8,
    "horizon": 2,
    "top_k": 4,
    "test_ratio": 0.2,
    "confidence": 0.6,
    "alpha": 0.25,
    "seed": 42,
    "taxonomy": "semantic",
    "converted_out": null,
    "report_out": "/home/kun/dyserve/dag-predict/reports/openhands_minimax_10k_ngrams/h2_w8.json"
  },
  "all_data": {
    "runs": 10000,
    "instances": 10000,
    "node_counts": {
      "inspect": 318352,
      "shell": 113675,
      "edit": 79346,
      "test": 70693,
      "STOP": 10000,
      "reason": 4678,
      "fetch": 1
    },
    "mean_actions_per_run": 58.6745,
    "median_actions_per_run": 54
  },
  "train": {
    "runs": 8000,
    "instances": 8000,
    "node_counts": {
      "inspect": 255520,
      "shell": 90528,
      "edit": 63655,
      "test": 56660,
      "STOP": 8000,
      "reason": 3704,
      "fetch": 1
    },
    "mean_actions_per_run": 58.7585,
    "median_actions_per_run": 55
  },
  "test": {
    "runs": 2000,
    "instances": 2000,
    "node_counts": {
      "inspect": 62832,
      "shell": 23147,
      "edit": 15691,
      "test": 14033,
      "STOP": 2000,
      "reason": 974
    },
    "mean_actions_per_run": 58.3385,
    "median_actions_per_run": 54
  },
  "model": {
    "samples": 116677,
    "exact_sequence_at_1": 0.37161565689896037,
    "sequence_coverage_at_4": 0.5975899277492565,
    "mean_correct_prefix_nodes": 0.9317946124771805,
    "next_node_transition_accuracy": 0.3437992483937447,
    "transition_samples": 57743,
    "depth_metrics": [
      {
        "depth": 1,
        "accuracy": 0.5601789555782202,
        "macro_f1": 0.30108918815843877,
        "prefix_accuracy": 0.5601789555782202
      },
      {
        "depth": 2,
        "accuracy": 0.5035696838280038,
        "macro_f1": 0.2612647128149724,
        "prefix_accuracy": 0.37161565689896037
      }
    ],
    "compile_gate": {
      "confidence_threshold": 0.6,
      "trigger_rate": 0.2969994086238076,
      "exact_precision_when_triggered": 0.6718610221337258,
      "mean_safe_prefix_when_triggered": 1.4595561711828702
    }
  },
  "context_free_baseline": {
    "samples": 116677,
    "exact_sequence_at_1": 0.3596081489925178,
    "sequence_coverage_at_4": 0.5479057569186729,
    "mean_correct_prefix_nodes": 0.8809791132785382,
    "next_node_transition_accuracy": 0.29222589751138667,
    "transition_samples": 57743,
    "depth_metrics": [
      {
        "depth": 1,
        "accuracy": 0.5213709642860204,
        "macro_f1": 0.11423270557173627,
        "prefix_accuracy": 0.5213709642860204
      },
      {
        "depth": 2,
        "accuracy": 0.5042296253760381,
        "macro_f1": 0.11173596035910789,
        "prefix_accuracy": 0.3596081489925178
      }
    ],
    "compile_gate": {
      "confidence_threshold": 0.6,
      "trigger_rate": 0.0,
      "exact_precision_when_triggered": 0.0,
      "mean_safe_prefix_when_triggered": 0.0
    }
  },
  "examples": [
    {
      "instance_id": "11ty__eleventy-1749",
      "history": [
        "inspect",
        "inspect",
        "inspect",
        "inspect",
        "inspect",
        "inspect",
        "inspect",
        "inspect",
        "inspect",
        "inspect",
        "inspect",
        "inspect",
        "inspect",
        "inspect",
        "inspect",
        "inspect",
        "inspect",
        "inspect",
        "edit",
        "shell",
        "reason",
        "inspect",
        "shell"
      ],
      "truth": [
        "edit",
        "shell"
      ],
      "predicted": [
        "shell",
        "shell"
      ],
      "top_k": [
        [
          "shell",
          "shell"
        ]
      ],
      "confidence": 1.0,
      "prefix_len": 0,
      "context": [
        "inspect",
        "inspect",
        "inspect",
        "edit",
        "shell",
        "reason",
        "inspect",
        "shell"
      ]
    },
    {
      "instance_id": "11ty__eleventy-1749",
      "history": [
        "inspect",
        "inspect",
        "inspect",
        "inspect",
        "inspect",
        "inspect",
        "inspect",
        "inspect",
        "inspect",
        "inspect",
        "inspect",
        "inspect",
        "inspect",
        "inspect",
        "inspect",
        "inspect",
        "inspect",
        "inspect",
        "edit",
        "shell",
        "reason",
        "inspect",
        "shell",
        "edit"
      ],
      "truth": [
        "shell",
        "edit"
      ],
      "predicted": [
        "shell",
        "shell"
      ],
      "top_k": [
        [
          "shell",
          "shell"
        ]
      ],
      "confidence": 1.0,
      "prefix_len": 1,
      "context": [
        "edit",
        "shell",
        "reason",
        "inspect",
        "shell",
        "edit"
      ]
    },
    {
      "instance_id": "11ty__eleventy-1749",
      "history": [
        "inspect",
        "inspect",
        "inspect",
        "inspect",
        "inspect",
        "inspect",
        "inspect",
        "inspect",
        "inspect",
        "inspect",
        "inspect",
        "inspect",
        "inspect",
        "inspect",
        "inspect",
        "inspect",
        "inspect",
        "inspect",
        "edit",
        "shell",
        "reason",
        "inspect",
        "shell",
        "edit",
        "shell"
      ],
      "truth": [
        "edit",
        "shell"
      ],
      "predicted": [
        "shell",
        "inspect"
      ],
      "top_k": [
        [
          "shell",
          "inspect"
        ]
      ],
      "confidence": 1.0,
      "prefix_len": 0,
      "context": [
        "edit",
        "shell",
        "reason",
        "inspect",
        "shell",
        "edit",
        "shell"
      ]
    },
    {
      "instance_id": "11ty__eleventy-1749",
      "history": [
        "inspect",
        "inspect",
        "inspect",
        "inspect",
        "inspect",
        "inspect",
        "inspect",
        "inspect",
        "inspect",
        "inspect",
        "inspect",
        "inspect",
        "inspect",
        "inspect",
        "inspect",
        "inspect",
        "inspect",
        "inspect",
        "edit",
        "shell",
        "reason",
        "inspect",
        "shell",
        "edit",
        "shell",
        "edit"
      ],
      "truth": [
        "shell",
        "edit"
      ],
      "predicted": [
        "inspect",
        "edit"
      ],
      "top_k": [
        [
          "inspect",
          "edit"
        ]
      ],
      "confidence": 1.0,
      "prefix_len": 0,
      "context": [
        "shell",
        "reason",
        "inspect",
        "shell",
        "edit",
        "shell",
        "edit"
      ]
    },
    {
      "instance_id": "11ty__eleventy-1749",
      "history": [
        "inspect",
        "inspect",
        "inspect",
        "inspect",
        "inspect",
        "inspect",
        "inspect",
        "inspect",
        "inspect",
        "inspect",
        "inspect",
        "inspect",
        "inspect",
        "inspect",
        "inspect",
        "inspect",
        "inspect",
        "inspect",
        "edit",
        "shell",
        "reason",
        "inspect",
        "shell",
        "edit",
        "shell",
        "edit",
        "shell",
        "edit",
        "edit",
        "shell",
        "edit",
        "shell",
        "edit",
        "shell",
        "inspect",
        "inspect",
        "inspect",
        "inspect",
        "inspect",
        "reason",
        "inspect",
        "shell",
        "edit",
        "shell",
        "edit"
      ],
      "truth": [
        "shell",
        "test"
      ],
      "predicted": [
        "inspect",
        "inspect"
      ],
      "top_k": [
        [
          "inspect",
          "inspect"
        ]
      ],
      "confidence": 1.0,
      "prefix_len": 0,
      "context": [
        "inspect",
        "inspect",
        "reason",
        "inspect",
        "shell",
        "edit",
        "shell",
        "edit"
      ]
    },
    {
      "instance_id": "11ty__eleventy-1749",
      "history": [
        "inspect",
        "inspect",
        "inspect",
        "inspect",
        "inspect",
        "inspect",
        "inspect",
        "inspect",
        "inspect",
        "inspect",
        "inspect",
        "inspect",
        "inspect",
        "inspect",
        "inspect",
        "inspect",
        "inspect",
        "inspect",
        "edit",
        "shell",
        "reason",
        "inspect",
        "shell",
        "edit",
        "shell",
        "edit",
        "shell",
        "edit",
        "edit",
        "shell",
        "edit",
        "shell",
        "edit",
        "shell",
        "inspect",
        "inspect",
        "inspect",
        "inspect",
        "inspect",
        "reason",
        "inspect",
        "shell",
        "edit",
        "shell",
        "edit",
        "shell",
        "test",
        "test",
        "test",
        "test",
        "inspect",
        "test",
        "edit",
        "shell",
        "shell",
        "edit"
      ],
      "truth": [
        "shell",
        "shell"
      ],
      "predicted": [
        "shell",
        "test"
      ],
      "top_k": [
        [
          "shell",
          "test"
        ]
      ],
      "confidence": 1.0,
      "prefix_len": 1,
      "context": [
        "test",
        "test",
        "inspect",
        "test",
        "edit",
        "shell",
        "shell",
        "edit"
      ]
    },
    {
      "instance_id": "11ty__eleventy-1749",
      "history": [
        "inspect",
        "inspect",
        "inspect",
        "inspect",
        "inspect",
        "inspect",
        "inspect",
        "inspect",
        "inspect",
        "inspect",
        "inspect",
        "inspect",
        "inspect",
        "inspect",
        "inspect",
        "inspect",
        "inspect",
        "inspect",
        "edit",
        "shell",
        "reason",
        "inspect",
        "shell",
        "edit",
        "shell",
        "edit",
        "shell",
        "edit",
        "edit",
        "shell",
        "edit",
        "shell",
        "edit",
        "shell",
        "inspect",
        "inspect",
        "inspect",
        "inspect",
        "inspect",
        "reason",
        "inspect",
        "shell",
        "edit",
        "shell",
        "edit",
        "shell",
        "test",
        "test",
        "test",
        "test",
        "inspect",
        "test",
        "edit",
        "shell",
        "shell",
        "edit",
        "shell"
      ],
      "truth": [
        "shell",
        "test"
      ],
      "predicted": [
        "test",
        "inspect"
      ],
      "top_k": [
        [
          "test",
          "inspect"
        ]
      ],
      "confidence": 1.0,
      "prefix_len": 0,
      "context": [
        "test",
        "inspect",
        "test",
        "edit",
        "shell",
        "shell",
        "edit",
        "shell"
      ]
    },
    {
      "instance_id": "11ty__eleventy-226",
      "history": [
        "inspect",
        "inspect",
        "inspect",
        "inspect",
        "inspect",
        "inspect",
        "inspect",
        "inspect",
        "inspect",
        "inspect",
        "inspect",
        "inspect",
        "inspect",
        "inspect",
        "inspect",
        "inspect",
        "test",
        "inspect",
        "inspect",
        "inspect",
        "edit",
        "inspect",
        "edit",
        "edit",
        "inspect",
        "edit",
        "inspect",
        "inspect",
        "inspect",
        "inspect",
        "inspect",
        "edit",
        "shell",
        "test",
        "inspect",
        "inspect",
        "inspect",
        "inspect",
        "inspect",
        "inspect",
        "edit",
        "test",
        "inspect",
        "inspect",
        "inspect",
        "shell",
        "shell",
        "test",
        "test",
        "inspect",
        "edit",
        "shell",
        "inspect",
        "edit",
        "inspect",
        "inspect",
        "edit",
        "shell",
        "shell",
        "shell",
        "test",
        "shell",
        "inspect",
        "inspect",
        "inspect",
        "shell",
        "inspect",
        "reason",
        "test"
      ],
      "truth": [
        "STOP",
        "STOP"
      ],
      "predicted": [
        "inspect",
        "inspect"
      ],
      "top_k": [
        [
          "inspect",
          "inspect"
        ]
      ],
      "confidence": 1.0,
      "prefix_len": 0,
      "context": [
        "shell",
        "inspect",
        "inspect",
        "inspect",
        "shell",
        "inspect",
        "reason",
        "test"
      ]
    },
    {
      "instance_id": "1password__typeshare-122",
      "history": [
        "inspect",
        "inspect",
        "inspect",
        "shell",
        "inspect",
        "inspect",
        "inspect",
        "inspect",
        "inspect",
        "inspect",
        "inspect",
        "inspect",
        "inspect",
        "inspect",
        "inspect",
        "inspect",
        "inspect",
        "inspect",
        "inspect",
        "inspect",
        "inspect",
        "inspect",
        "inspect",
        "inspect",
        "inspect",
        "inspect",
        "inspect",
        "inspect",
        "inspect",
        "inspect",
        "test",
        "test",
        "inspect",
        "inspect",
        "inspect",
        "inspect",
        "shell",
        "inspect",
        "shell",
        "shell",
        "inspect",
        "inspect",
        "shell",
        "inspect",
        "inspect",
        "inspect",
        "inspect",
        "reason",
        "inspect",
        "edit",
        "shell",
        "shell",
        "inspect",
        "test",
        "inspect",
        "shell",
        "inspect"
      ],
      "truth": [
        "shell",
        "inspect"
      ],
      "predicted": [
        "test",
        "STOP"
      ],
      "top_k": [
        [
          "test",
          "STOP"
        ]
      ],
      "confidence": 1.0,
      "prefix_len": 0,
      "context": [
        "edit",
        "shell",
        "shell",
        "inspect",
        "test",
        "inspect",
        "shell",
        "inspect"
      ]
    },
    {
      "instance_id": "1password__typeshare-122",
      "history": [
        "inspect",
        "inspect",
        "inspect",
        "shell",
        "inspect",
        "inspect",
        "inspect",
        "inspect",
        "inspect",
        "inspect",
        "inspect",
        "inspect",
        "inspect",
        "inspect",
        "inspect",
        "inspect",
        "inspect",
        "inspect",
        "inspect",
        "inspect",
        "inspect",
        "inspect",
        "inspect",
        "inspect",
        "inspect",
        "inspect",
        "inspect",
        "inspect",
        "inspect",
        "inspect",
        "test",
        "test",
        "inspect",
        "inspect",
        "inspect",
        "inspect",
        "shell",
        "inspect",
        "shell",
        "shell",
        "inspect",
        "inspect",
        "shell",
        "inspect",
        "inspect",
        "inspect",
        "inspect",
        "reason",
        "inspect",
        "edit",
        "shell",
        "shell",
        "inspect",
        "test",
        "inspect",
        "shell",
        "inspect",
        "shell",
        "inspect"
      ],
      "truth": [
        "test",
        "inspect"
      ],
      "predicted": [
        "inspect",
        "inspect"
      ],
      "top_k": [
        [
          "inspect",
          "inspect"
        ]
      ],
      "confidence": 1.0,
      "prefix_len": 0,
      "context": [
        "shell",
        "inspect",
        "test",
        "inspect",
        "shell",
        "inspect",
        "shell",
        "inspect"
      ]
    }
  ]
}
