Using device: cuda
Loaded 10000 sequences (0 rejected) from /home/kun/dyserve/dag-predict/data/openhands_minimax_10k.jsonl
Labels: ['STOP', 'edit', 'fetch', 'inspect', 'reason', 'shell', 'test']
{"epoch": 1, "train_loss": 1.4168427280482725, "validation_loss": 1.3964937487747162}
{"epoch": 2, "train_loss": 1.399555561011718, "validation_loss": 1.393497943939816}
{"epoch": 3, "train_loss": 1.3979626964109098, "validation_loss": 1.3937752206035812}
{"epoch": 4, "train_loss": 1.3973661332879563, "validation_loss": 1.3921138857671906}
{"epoch": 5, "train_loss": 1.3966867409328578, "validation_loss": 1.3922935407280204}
{"epoch": 6, "train_loss": 1.3961796769513592, "validation_loss": 1.3934922920565125}
{"epoch": 7, "train_loss": 1.3965065669800043, "validation_loss": 1.3920927749560914}
Early stopping after epoch 7
{
  "samples": 116677,
  "temperature": 0.75,
  "exact_sequence_at_1": 0.5562107356205593,
  "sequence_coverage_at_4": 0.971931057534904,
  "mean_correct_prefix_nodes": 0.5562107356205593,
  "next_node_transition_accuracy": 0.206449266577767,
  "transition_samples": 57743,
  "depth_metrics": [
    {
      "depth": 1,
      "accuracy": 0.5562107356205593,
      "macro_f1": 0.3185227931627718,
      "prefix_accuracy": 0.5562107356205593
    }
  ],
  "compile_gate": {
    "confidence_threshold": 0.6,
    "trigger_rate": 0.4673414640417563,
    "exact_precision_when_triggered": 0.751118691314554,
    "mean_safe_prefix_when_triggered": 0.751118691314554
  }
}
Report saved to: /home/kun/dyserve/dag-predict/reports/openhands_minimax_10k_gru/h1_hist2.json
